com/leap/donate/model/RemainingPoints$RemainingPointsBuilder.class
com/leap/donate/config/SlackClientConfig.class
com/leap/donate/service/impl/DonateServiceImpl.class
com/leap/donate/DonateApplication.class
com/leap/donate/config/RateLimiterConfig.class
com/leap/donate/config/SlackAppServletConfig.class
com/leap/donate/model/User$UserStatus.class
com/leap/donate/service/impl/UserServiceImpl.class
com/leap/donate/service/TransactionService.class
com/leap/donate/config/SecurityConfig.class
com/leap/donate/model/Transaction.class
com/leap/donate/model/User.class
com/leap/donate/service/impl/ScoreServiceImpl.class
com/leap/donate/controller/SlackController.class
com/leap/donate/service/impl/TransactionServiceImpl.class
com/leap/donate/service/ScoreService.class
com/leap/donate/model/CurrentScore.class
com/leap/donate/repository/RemainingPointsRepository.class
com/leap/donate/repository/HistoryScoreRepository.class
com/leap/donate/model/HistoryScore$HistoryScoreBuilder.class
com/leap/donate/model/User$UserBuilder.class
com/leap/donate/service/impl/SlackServiceImpl.class
com/leap/donate/service/DonateService.class
com/leap/donate/config/SlackConfig.class
com/leap/donate/service/UserService.class
com/leap/donate/config/ScheduledTasks.class
com/leap/donate/model/Transaction$TransactionBuilder.class
com/leap/donate/service/IndexMonitoringService.class
com/leap/donate/model/RemainingPoints.class
com/leap/donate/model/CurrentScore$CurrentScoreBuilder.class
com/leap/donate/repository/CurrentScoreRepository.class
com/leap/donate/model/HistoryScore.class
com/leap/donate/service/IndexMaintenanceService.class
com/leap/donate/repository/TransactionRepository.class
com/leap/donate/service/impl/DonateServiceImpl$DonationCommand.class
com/leap/donate/service/SlackService.class
com/leap/donate/repository/UserRepository.class
