/Users/user/LEAP/Donate/src/main/java/com/leap/donate/model/HistoryScore.java
/Users/user/LEAP/Donate/src/main/java/com/leap/donate/model/RemainingPoints.java
/Users/user/LEAP/Donate/src/main/java/com/leap/donate/service/impl/SlackServiceImpl.java
/Users/user/LEAP/Donate/src/main/java/com/leap/donate/config/ScheduledTasks.java
/Users/user/LEAP/Donate/src/main/java/com/leap/donate/service/UserService.java
/Users/user/LEAP/Donate/src/main/java/com/leap/donate/controller/SlackController.java
/Users/user/LEAP/Donate/src/main/java/com/leap/donate/service/SlackService.java
/Users/user/LEAP/Donate/src/main/java/com/leap/donate/config/SecurityConfig.java
/Users/user/LEAP/Donate/src/main/java/com/leap/donate/service/IndexMonitoringService.java
/Users/user/LEAP/Donate/src/main/java/com/leap/donate/repository/TransactionRepository.java
/Users/user/LEAP/Donate/src/main/java/com/leap/donate/service/IndexMaintenanceService.java
/Users/user/LEAP/Donate/src/main/java/com/leap/donate/service/impl/UserServiceImpl.java
/Users/user/LEAP/Donate/src/main/java/com/leap/donate/config/RateLimiterConfig.java
/Users/user/LEAP/Donate/src/main/java/com/leap/donate/repository/UserRepository.java
/Users/user/LEAP/Donate/src/main/java/com/leap/donate/config/SlackConfig.java
/Users/user/LEAP/Donate/src/main/java/com/leap/donate/service/ScoreService.java
/Users/user/LEAP/Donate/src/main/java/com/leap/donate/service/impl/DonateServiceImpl.java
/Users/user/LEAP/Donate/src/main/java/com/leap/donate/repository/RemainingPointsRepository.java
/Users/user/LEAP/Donate/src/main/java/com/leap/donate/repository/CurrentScoreRepository.java
/Users/user/LEAP/Donate/src/main/java/com/leap/donate/model/User.java
/Users/user/LEAP/Donate/src/main/java/com/leap/donate/service/TransactionService.java
/Users/user/LEAP/Donate/src/main/java/com/leap/donate/config/SlackClientConfig.java
/Users/user/LEAP/Donate/src/main/java/com/leap/donate/config/SlackAppServletConfig.java
/Users/user/LEAP/Donate/src/main/java/com/leap/donate/service/DonateService.java
/Users/user/LEAP/Donate/src/main/java/com/leap/donate/model/CurrentScore.java
/Users/user/LEAP/Donate/src/main/java/com/leap/donate/DonateApplication.java
/Users/user/LEAP/Donate/src/main/java/com/leap/donate/service/impl/TransactionServiceImpl.java
/Users/user/LEAP/Donate/src/main/java/com/leap/donate/service/impl/ScoreServiceImpl.java
/Users/user/LEAP/Donate/src/main/java/com/leap/donate/repository/HistoryScoreRepository.java
/Users/user/LEAP/Donate/src/main/java/com/leap/donate/model/Transaction.java
